i 6
i 2130304
i 7
i 11
i 2
i 1
i 0
i 30
i 21
i 424
d 8.3675
d 31.8115
d 61.957
d 2
d 0.5
d 37.2
d 1
d 0
d 1.5
d 0.666666
i 21
i 0