i 101
i 5050
i 3782
i 2527
i 49063224
i 49063224
i 376176