i 432
i 950
i 950
i 4950
i 53679
i 20100
i 20100
i 45150