i -12
i 24
i 3
i -24
i -1
i 24
i 3
i -24
i -9
i 9
d -3.14
d 3.93
d -6
d 35.7