i 1
i 0
i 1
i 0
i 1
i 0
i 1
i 0
i 4200
i 73363
i 200
i 100004