5
0 20
1 0
1 5
1 10
1 15

0

iconst 12
istore 0
iload 0
ret
ret

dconst 3.14
dstore 0
dload 0
ret
ret

dconst 3.14
dstore 0
dload 0
ret
ret

iconst 12
istore 0
iload 0
ret
ret

ret
ret