3
0 6
0 0
0 3

2

igload 0
ret
ret

dgload 1
ret
ret

iconst 100
igstore 0
dconst 3.14
dgstore 1
ret
ret