7
3 22
0 0
0 1
1 4
2 6
3 12
3 16

0

ret

iconst 100
ret
ret

istore 0
ret

istore 0
iload 0
istore 1
iload 1
ret
ret

istore 0
istore 1
istore 2
ret

istore 0
istore 1
istore 2
iload 2
ret
ret

iconst 100
istore 0
iconst 200
istore 1
iconst 300
istore 2
call 1
call 2
pop
iconst 100
call 3
iload 0
call 4
pop
iconst 300
iconst 200
iconst 100
call 5
iload 2
iload 1
iload 0
call 6
pop
iconst 1000
iload 1
iconst 100
call 6
pop
ret