4
6 0
4 17
4 26
2 33

2

iconst 100
igstore 0
dconst 3.14
dgstore 1
igload 0
istore 0
dgload 1
dstore 1
iconst 200
istore 2
dconst 6.28
dstore 3
igload 0
istore 4
dgload 1
dstore 5
ret
iconst 300
istore 0
iload 0
istore 1
dconst 1.57
dstore 2
dload 2
dstore 3
ret
istore 0
dstore 1
iload 0
istore 2
dload 1
dstore 3
ret
igload 0
istore 0
dgload 1
dstore 1
ret