1
0 0

6

iconst 100
igstore 0
igload 0
igstore 1
dconst 3.14
dgstore 2
dgload 2
dgstore 3
igload 1
igstore 4
dgload 3
dgstore 5
ret