i 439003
i 12872
i 29348
i 389289
i 3292991
i 178273
i 231231
i 12443