i 3
i 6
i 4570188
i 3
i 1928
i -11
d 5.72
d 13434.885
d 1.7
d -21.2
d 32559.32635
i -937500
d -5687.575
i 357
i 355
i 341443
i 341442
i 341443
d 8914529
i 3027
d 7.945
i 0
i 0
i 0
i 0