i 3628800
i 1
i 120
i 1
i 1
i 2
i 28657
d 5.187377518
d 7.485470861
d 1.414213562
d 10.0
d 487.4176854