i 2550
i 2500
i 29087
i 471413
i 293679
i 20997096