i 1
i 1
i 2
i 3
i 55
i 144
i 1597
i 2584
i 3
i 1
i 4
i 11
i 3
i 1
i 4
i 11