i 5050
i 250500
i 250000
i 6528340
i 10665
i 12163
i 12001000
i 2500