i 100
i 100
i 100
d 3.14
d 3.14
d 3.14
i 45
i 23
d 3