5
0 0
0 1
0 2
0 4
0 7

0

ret

ret

ret
ret

iconst 100
ret
ret

dconst 3.14
ret
ret