2
0 5
1 0

0

iconst 300
istore 0
iconst 400
ret
ret

ret