2
0 5
0 0

0

iconst 100
ret
iconst 200
ret
ret

ret
ret
ret