5
6 0
0 35
0 38
2 41
2 46

0

call 1
toi
istore 0
call 2
tod
dstore 1
iconst 30
iconst 20
call 3
toi
istore 0
dconst 3.14
dconst 1.57
call 4
tod
dstore 1
iconst 100
istore 2
iconst 200
istore 3
dconst 0.5
dstore 4
dconst 1.5
dstore 5
iload 3
iload 2
call 3
toi
istore 0
dload 5
dload 4
call 4
tod
dstore 1
ret

iconst 100
ret
ret

dconst 3.14
ret
ret

istore 0
istore 1
iload 0
ret
ret

dstore 0
dstore 1
dload 1
ret
ret