2
2 6
1 0

1

istore 0
iload 0
igstore 0
igload 0
ret
ret

iconst 0
igstore 0
iconst 100
call 1
pop
iconst 200
call 1
toi
istore 0
igload 0
call 1
toi
istore 1
ret